exports[`SimpleForm renders a initial view 1`] = `"<form class=\"m-x-1 text-xs-left\" style=\"overflow: hidden;\"><noscript>Please enable javascript in order to use this form.</noscript><div class=\"form-group row\"><label for=\"field1\" class=\"col-xs-12 text-sm-right col-form-label col-sm-2\">field1</label><div class=\"col-xs-12 col-sm-5\"><input type=\"text\" value=\"\" class=\"form-control\" id=\"field1\"></div><!-- react-empty: 7 --></div><div class=\"form-group row\"><label for=\"field2\" class=\"col-xs-12 text-sm-right col-form-label col-sm-2\">*field2</label><div class=\"col-xs-12 col-sm-5\"><input type=\"text\" value=\"\" class=\"form-control\" id=\"field2\" placeholder=\"\"></div><!-- react-empty: 12 --></div><div class=\"form-group row\"><div class=\"col-xs-12 col-sm-2\"><small class=\"form-text text-muted text-sm-right form-control-static\"><!-- react-text: 16 -->*<!-- /react-text --><!-- react-text: 17 -->Mandatory fields<!-- /react-text --></small></div><div class=\"col-xs-12 form-inline col-sm-8\"><div class=\"form-group has-danger\"><button type=\"submit\" class=\"btn btn-outline-primary\">Submit</button><div class=\"text-muted form-control-static\">&nbsp;&nbsp; </div><!-- react-empty: 22 --></div></div></div></form>"`;
